<html>
<body>
<pre>
<h1>µVision Build Log</h1>
<h2>Tool Versions:</h2>
IDE-Version: ¦ÌVision V5.33.0.0
Copyright (C) 2020 ARM Ltd and ARM Germany GmbH. All rights reserved.
License Information: wsw awda, sdaw, LIC=X96CK-Z13J9-EVS1R-KV9LK-6KJDK-GCBBL
 
Tool Versions:
Toolchain:       MDK-ARM Plus  Version: 5.33.0.0
Toolchain Path:  C:\developer_app\Keil_v5\ARM\ARMCC\Bin
C Compiler:      Armcc.exe V5.06 update 7 (build 960)
Assembler:       Armasm.exe V5.06 update 7 (build 960)
Linker/Locator:  ArmLink.exe V5.06 update 7 (build 960)
Library Manager: ArmAr.exe V5.06 update 7 (build 960)
Hex Converter:   FromElf.exe V5.06 update 7 (build 960)
CPU DLL:         SARMCM3.DLL V5.33.0.0
Dialog DLL:      DCM.DLL V1.17.3.0
Target DLL:      STLink\ST-LINKIII-KEIL_SWO.dll V3.0.8.0
Dialog DLL:      TCM.DLL V1.48.0.0
 
<h2>Project:</h2>
C:\Users\86133\Documents\Project\SomeStuff\stm32fdevboard\f401cc\testpin\MX_build\MDK-ARM\MX_build.uvprojx
Project File Date:  07/23/2022

<h2>Output:</h2>
*** Using Compiler 'V5.06 update 7 (build 960)', folder: 'C:\developer_app\Keil_v5\ARM\ARMCC\Bin'
Build target 'MX_build'
assembling startup_stm32f401xc.s...
compiling stm32f4xx_hal_msp.c...
compiling stm32f4xx_hal_timebase_tim.c...
compiling stm32f4xx_it.c...
compiling gpio.c...
compiling usb_device.c...
compiling freertos.c...
compiling main.c...
compiling stm32f4xx_hal_pcd_ex.c...
compiling usbd_cdc_if.c...
compiling usbd_conf.c...
compiling usbd_desc.c...
compiling stm32f4xx_hal_pcd.c...
compiling stm32f4xx_hal_rcc.c...
compiling stm32f4xx_ll_usb.c...
compiling stm32f4xx_hal_flash_ramfunc.c...
compiling stm32f4xx_hal_rcc_ex.c...
compiling stm32f4xx_hal_flash_ex.c...
compiling stm32f4xx_hal_gpio.c...
compiling stm32f4xx_hal_flash.c...
compiling stm32f4xx_hal_dma.c...
compiling stm32f4xx_hal_dma_ex.c...
compiling stm32f4xx_hal_exti.c...
compiling stm32f4xx_hal_pwr.c...
compiling stm32f4xx_hal.c...
compiling stm32f4xx_hal_pwr_ex.c...
compiling stm32f4xx_hal_cortex.c...
compiling croutine.c...
compiling list.c...
compiling event_groups.c...
compiling queue.c...
compiling stm32f4xx_hal_tim_ex.c...
compiling stream_buffer.c...
compiling timers.c...
compiling heap_4.c...
compiling tasks.c...
compiling port.c...
compiling stm32f4xx_hal_tim.c...
compiling system_stm32f4xx.c...
compiling usbd_ioreq.c...
compiling usbd_cdc.c...
compiling usbd_ctlreq.c...
compiling usbd_core.c...
compiling app.c...
compiling bsp_key.c...
compiling cmsis_os2.c...
compiling bsp_power.c...
linking...
Program Size: Code=20448 RO-data=552 RW-data=528 ZI-data=25160  
FromELF: creating hex file...
"MX_build\MX_build.axf" - 0 Error(s), 0 Warning(s).

<h2>Software Packages used:</h2>

Package Vendor: ARM
                http://www.keil.com/pack/ARM.CMSIS.5.7.0.pack
                ARM.CMSIS.5.7.0
                CMSIS (Cortex Microcontroller Software Interface Standard)
   * Component: CORE Version: 5.4.0

Package Vendor: Keil
                http://www.keil.com/pack/Keil.STM32F4xx_DFP.2.15.0.pack
                Keil.STM32F4xx_DFP.2.15.0
                STMicroelectronics STM32F4 Series Device Support, Drivers and Examples

<h2>Collection of Component include folders:</h2>
  .\RTE\_MX_build
  C:\Users\86133\AppData\Local\Arm\Packs\ARM\CMSIS\5.7.0\CMSIS\Core\Include
  C:\Users\86133\AppData\Local\Arm\Packs\Keil\STM32F4xx_DFP\2.15.0\Drivers\CMSIS\Device\ST\STM32F4xx\Include

<h2>Collection of Component Files used:</h2>

   * Component: ARM::CMSIS:CORE:5.4.0
      Include file:  CMSIS\Core\Include\tz_context.h
Build Time Elapsed:  00:00:31
</pre>
</body>
</html>
